Initializing AI Writers' Room...
  Cloud API reachable, key valid
  Project: [star-wars-legends-eu/the-ruusan-atonement/@polish-ch01]
  Config snapshot: output\star-wars-legends-eu\the-ruusan-atonement\runs\polish-ch01\config_snapshot.yaml
  Prompt + invocation snapshot: output\star-wars-legends-eu\the-ruusan-atonement\runs\polish-ch01
Initializing Phase 2 components...
Warning: Canon DB directory not found at data\franchises\star-wars-legends-eu\canon_db — canon validation will be skipped for this run
  Warning: CanonExpert skipped — no canon_db available. See earlier Phase 2 init warnings for root cause.
  Phase 2 components initialized
Initializing Phase 3 components...
  Phase 3 components: quality metrics, character specialist, milestone gates
Initializing Phase 4 components...
  Phase 4 components: physics enforcer, session persistence, scene card generator, export manager
  Worldbuilding service initialized (universe=star-wars-legends-eu)
Initializing Phase 5 components...
  Phase 5 components: chapter gate critic (lore-aware)
Loaded 3 scene card(s)
Deployment mode: cloud
Pipeline phase: 5
Output directory: output\star-wars-legends-eu\the-ruusan-atonement\runs\polish-ch01\chapters
Checking chapter blueprints...
  All 1 chapter(s) have blueprints — skipping generation

============================================================
Chapter 1, Scene 1
============================================================
  [P4] Physics pre-check...
  [1/5] Plot Architect generating brief...
  [2/5] Prose Stylist drafting...
  [3/5] Gate Critic evaluating...
    Gate: pass | structural=0.82 voice=0.87 polish=0.81
    Gate: pass (structural=0.82, voice=0.87, polish=0.81)
  [3.5/5] Quality metrics running...
    Quality: 0.79 (PASS)
    - Overused words: he'd (¶16, ¶19, ¶26, ¶29, ¶31, ¶33, ¶34, ¶38, ¶39), training (¶0, ¶3, ¶6, ¶10, ¶13, ¶21, ¶32), force (¶10, ¶16, ¶21, ¶26, ¶28, ¶33, ¶35)
    - 2 repeated n-gram(s) detected
    - 50 semantically similar paragraph pair(s)
    - Scene type imbalance: >60% description
    - 3 show-don't-tell violation(s)
  [4/5] Quality Polish running...
  [5/5] Final Gate evaluating polish output...
    Final Gate: pass
  Saved: output\star-wars-legends-eu\the-ruusan-atonement\runs\polish-ch01\chapters\chapter_01_scene_01.md
  [P2-1] Summarizer running...
  [P2-2] Summary stored in ChromaDB
  [P2-3] State diff applied
  [P2-4] Chapter/scene log updated
  [P2-5] Contradiction scanner: clean
  [WB] Extracted 12 provisional lore entries
  [P3-3] Character specialist running...
    Character verdict: pass

============================================================
Chapter 1, Scene 2
============================================================
  [P4] Physics pre-check...
  [1/5] Plot Architect generating brief...
  [2/5] Prose Stylist drafting...
  [3/5] Gate Critic evaluating...
    Gate: dropping 1 spurious WORD_COUNT_VIOLATION code(s) (1124/1250 words, 90%, within +/-20%)
    Gate: fail_structural | structural=0.68 voice=0.82 polish=0.75
    Gate failures: WEAK_TURNING_POINT, SUBPLOT_DRIFT, HOOK_VIOLATION
    Gate: fail_structural — full rewrite (attempt 1/3)
    Gate: pass | structural=0.88 voice=0.87 polish=0.84
    Gate: pass (structural=0.88, voice=0.87, polish=0.84)
  [3.5/5] Quality metrics running...
    Quality: 0.75 (PASS)
    - Overused words: desk (¶0, ¶6, ¶7, ¶13, ¶15, ¶18, ¶36, ¶47, ¶50), something (¶0, ¶2, ¶15, ¶19, ¶20, ¶30, ¶36, ¶47), survey (¶8, ¶9, ¶11, ¶19, ¶38, ¶43, ¶48, ¶54)
    - 3 repeated n-gram(s) detected
    - 105 semantically similar paragraph pair(s)
    - Scene type imbalance: >60% description+introspection
    - Event density 56.8/1k outside expected range
  [4/5] Quality Polish running...
  [5/5] Final Gate evaluating polish output...
    Final Gate: pass
  Saved: output\star-wars-legends-eu\the-ruusan-atonement\runs\polish-ch01\chapters\chapter_01_scene_02.md
  [P2-1] Summarizer running...
  [P2-2] Summary stored in ChromaDB
  [P2-3] State diff applied
  [P2-4] Chapter/scene log updated
  [P2-5] Contradiction scanner: clean
  [WB] Extracted 11 provisional lore entries
  [P3-3] Character specialist running...
    Character verdict: pass

============================================================
Chapter 1, Scene 3
============================================================
  [P4] Physics pre-check...
  [1/5] Plot Architect generating brief...
  [2/5] Prose Stylist drafting...
  [3/5] Gate Critic evaluating...
    Gate: model verdict 'pass' overridden to 'fail_structural' based on failure codes ['EXPOSITION_LEAK', 'HOOK_VIOLATION']
    Gate: fail_structural | structural=0.82 voice=0.84 polish=0.78
    Gate failures: EXPOSITION_LEAK, HOOK_VIOLATION
    Gate: fail_structural — full rewrite (attempt 1/3)
    Gate: fail_structural | structural=0.68 voice=0.82 polish=0.75
    Gate failures: OPENING_HOOK_MISMATCH, EXPOSITION_LEAK, CLOSING_HOOK_VIOLATION
    Gate: fail_structural — full rewrite (attempt 2/3)
    Gate: dropping 1 spurious WORD_COUNT_VIOLATION code(s) (1064/1250 words, 85%, within +/-20%)
    Gate: model verdict 'pass' overridden to 'fail_polish' based on failure codes ['EXPOSITION_LEAK']
    Gate: fail_polish | structural=0.82 voice=0.84 polish=0.78
    Gate failures: EXPOSITION_LEAK
    Gate: fail_polish (structural=0.82, voice=0.84, polish=0.78)
  [3.5/5] Quality metrics running...
    Quality: 0.75 (PASS)
    - Overused words: he'd (¶2, ¶9, ¶15, ¶33, ¶34, ¶35, ¶44), force (¶4, ¶13, ¶15, ¶41), didn't (¶1, ¶4, ¶15, ¶24, ¶35)
    - 65 semantically similar paragraph pair(s)
    - Scene type imbalance: >60% description+introspection
    - Event density 51.7/1k outside expected range
    - 2 show-don't-tell violation(s)
  [4/5] Quality Polish running...
  [5/5] Final Gate evaluating polish output...
    Final Gate: pass
  Saved: output\star-wars-legends-eu\the-ruusan-atonement\runs\polish-ch01\chapters\chapter_01_scene_03.md
  [P2-1] Summarizer running...
  [P2-2] Summary stored in ChromaDB
  [P2-3] State diff applied
  [P2-4] Chapter/scene log updated
  [P2-5] Contradiction scanner: clean
  [WB] Extracted 9 provisional lore entries
  [P3-3] Character specialist running...
    Character verdict: pass

============================================================
Pipeline Complete
============================================================
Chapters generated: 3
Total word count: 3,438
  Chapter 1.1: 1,145 words, gate=pass, final=pass, quality=0.79, chars=pass
  Chapter 1.2: 1,256 words, gate=pass, final=pass, quality=0.75, chars=pass
  Chapter 1.3: 1,037 words, gate=fail_polish, final=pass, quality=0.75, chars=pass
