Initializing AI Writers' Room...
  Cloud API reachable, key valid
  Project: [star-wars-legends-eu/the-ruusan-atonement/@smoke-ch01-v2]
  Config snapshot: output\star-wars-legends-eu\the-ruusan-atonement\runs\smoke-ch01-v2\config_snapshot.yaml
  Prompt + invocation snapshot: output\star-wars-legends-eu\the-ruusan-atonement\runs\smoke-ch01-v2
  Worldbuilding service initialized (universe=star-wars-legends-eu)
Loaded 3 scene card(s)
Deployment mode: cloud
Pipeline phase: 1
Output directory: output\star-wars-legends-eu\the-ruusan-atonement\runs\smoke-ch01-v2\chapters

============================================================
Chapter 1, Scene 1
============================================================
  [1/5] Plot Architect generating brief...
  [2/5] Prose Stylist drafting...
  [3/5] Gate Critic evaluating...
    Gate: pass | structural=0.88 voice=0.92 polish=0.82
    Gate: pass (structural=0.88, voice=0.92, polish=0.82)
  [4/5] Quality Polish skipped (--raw-draft baseline mode)
  [5/5] Final Gate skipped (--raw-draft baseline mode)
  Saved: output\star-wars-legends-eu\the-ruusan-atonement\runs\smoke-ch01-v2\chapters\chapter_01_scene_01.md

============================================================
Chapter 1, Scene 2
============================================================
  [1/5] Plot Architect generating brief...
  [2/5] Prose Stylist drafting...
  [3/5] Gate Critic evaluating...
    Gate: model verdict 'pass' overridden to 'fail_structural' based on failure codes ['OPENING_HOOK_MISMATCH', 'SUBPLOT_DRIFT']
    Gate: fail_structural | structural=0.87 voice=0.88 polish=0.84
    Gate failures: OPENING_HOOK_MISMATCH, SUBPLOT_DRIFT
    Gate: fail_structural — full rewrite (attempt 1/3)
    Gate: pass | structural=0.82 voice=0.81 polish=0.79
    Gate: pass (structural=0.82, voice=0.81, polish=0.79)
  [4/5] Quality Polish skipped (--raw-draft baseline mode)
  [5/5] Final Gate skipped (--raw-draft baseline mode)
  Saved: output\star-wars-legends-eu\the-ruusan-atonement\runs\smoke-ch01-v2\chapters\chapter_01_scene_02.md

============================================================
Chapter 1, Scene 3
============================================================
  [1/5] Plot Architect generating brief...
  [2/5] Prose Stylist drafting...
  [3/5] Gate Critic evaluating...
    Gate: fail_structural | structural=0.72 voice=0.81 polish=0.75
    Gate failures: OPENING_HOOK_MISMATCH, EXPOSITION_LEAK, SUBPLOT_DRIFT
    Gate: fail_structural — full rewrite (attempt 1/3)
    Gate: dropping 1 spurious WORD_COUNT_VIOLATION code(s) (1025/1250 words, 82%, within +/-20%)
    Gate: model verdict 'fail_polish' overridden to 'fail_structural' based on failure codes ['EXPOSITION_LEAK', 'WEAK_TURNING_POINT', 'CLOSING_HOOK_VIOLATION']
    Gate: fail_structural | structural=0.82 voice=0.85 polish=0.68
    Gate failures: EXPOSITION_LEAK, WEAK_TURNING_POINT, CLOSING_HOOK_VIOLATION
    Gate: fail_structural — full rewrite (attempt 2/3)
    Gate: dropping 1 spurious WORD_COUNT_VIOLATION code(s) (1191/1250 words, 95%, within +/-20%)
    Gate: model verdict 'pass' overridden to 'fail_structural' based on failure codes ['CLOSING_HOOK_VIOLATION']
    Gate: fail_structural | structural=0.88 voice=0.87 polish=0.82
    Gate failures: CLOSING_HOOK_VIOLATION
    Gate: fail_structural — full rewrite (attempt 3/3)
    Gate: fail_structural | structural=0.72 voice=0.81 polish=0.76
    Gate failures: OPENING_HOOK_MISMATCH, CLOSING_HOOK_VIOLATION, EXPOSITION_LEAK
    Gate: fail_structural — max retries reached, using best attempt (score=0.87)
  [4/5] Quality Polish skipped (--raw-draft baseline mode)
  [5/5] Final Gate skipped (--raw-draft baseline mode)
  Saved: output\star-wars-legends-eu\the-ruusan-atonement\runs\smoke-ch01-v2\chapters\chapter_01_scene_03.md

============================================================
Pipeline Complete
============================================================
Chapters generated: 3
Total word count: 3,608
  Chapter 1.1: 1,185 words, gate=pass
  Chapter 1.2: 1,232 words, gate=pass
  Chapter 1.3: 1,191 words, gate=fail_structural
