Initializing AI Writers' Room...
  Cloud API reachable, key valid
  Project: [star-wars-legends-eu/the-ruusan-atonement/@smoke-ch01-v3]
  Config snapshot: output\star-wars-legends-eu\the-ruusan-atonement\runs\smoke-ch01-v3\config_snapshot.yaml
  Prompt + invocation snapshot: output\star-wars-legends-eu\the-ruusan-atonement\runs\smoke-ch01-v3
  Worldbuilding service initialized (universe=star-wars-legends-eu)
Loaded 3 scene card(s)
Deployment mode: cloud
Pipeline phase: 1
Output directory: output\star-wars-legends-eu\the-ruusan-atonement\runs\smoke-ch01-v3\chapters

============================================================
Chapter 1, Scene 1
============================================================
  [1/5] Plot Architect generating brief...
  [2/5] Prose Stylist drafting...
  [3/5] Gate Critic evaluating...
    Gate: fail_structural | structural=0.72 voice=0.81 polish=0.84
    Gate failures: OPENING_HOOK_MISMATCH, WEAK_TURNING_POINT, VOICE_DEFINITION_VIOLATION, SUBPLOT_DRIFT
    Gate: fail_structural — full rewrite (attempt 1/3)
    Gate: pass | structural=0.87 voice=0.85 polish=0.82
    Gate: pass (structural=0.87, voice=0.85, polish=0.82)
  [4/5] Quality Polish skipped (--raw-draft baseline mode)
  [5/5] Final Gate skipped (--raw-draft baseline mode)
  Saved: output\star-wars-legends-eu\the-ruusan-atonement\runs\smoke-ch01-v3\chapters\chapter_01_scene_01.md

============================================================
Chapter 1, Scene 2
============================================================
  [1/5] Plot Architect generating brief...
  [2/5] Prose Stylist drafting...
  [3/5] Gate Critic evaluating...
    Gate: pass | structural=0.87 voice=0.84 polish=0.82
    Gate: pass (structural=0.87, voice=0.84, polish=0.82)
  [4/5] Quality Polish skipped (--raw-draft baseline mode)
  [5/5] Final Gate skipped (--raw-draft baseline mode)
  Saved: output\star-wars-legends-eu\the-ruusan-atonement\runs\smoke-ch01-v3\chapters\chapter_01_scene_02.md

============================================================
Chapter 1, Scene 3
============================================================
  [1/5] Plot Architect generating brief...
  [2/5] Prose Stylist drafting...
  [3/5] Gate Critic evaluating...
    Gate: dropping 1 spurious WORD_COUNT_VIOLATION code(s) (1142/1250 words, 91%, within +/-20%)
    Gate: model verdict 'pass' overridden to 'fail_polish' based on failure codes ['EXPOSITION_LEAK']
    Gate: fail_polish | structural=0.88 voice=0.89 polish=0.78
    Gate failures: EXPOSITION_LEAK
    Gate: fail_polish (structural=0.88, voice=0.89, polish=0.78)
  [4/5] Quality Polish skipped (--raw-draft baseline mode)
  [5/5] Final Gate skipped (--raw-draft baseline mode)
  Saved: output\star-wars-legends-eu\the-ruusan-atonement\runs\smoke-ch01-v3\chapters\chapter_01_scene_03.md

============================================================
Pipeline Complete
============================================================
Chapters generated: 3
Total word count: 3,641
  Chapter 1.1: 1,259 words, gate=pass
  Chapter 1.2: 1,240 words, gate=pass
  Chapter 1.3: 1,142 words, gate=fail_polish
