Initializing AI Writers' Room...
  Cloud API reachable, key valid
  Project: [star-wars-legends-eu/[the-unfinished-cycle]/the-unfinished-shadow/@ch1-5-deepseekpro-2026-05-30]
  Config snapshot: output\star-wars-legends-eu\the-unfinished-shadow\runs\ch1-5-deepseekpro-2026-05-30\config_snapshot.yaml
  Prompt + invocation snapshot: output\star-wars-legends-eu\the-unfinished-shadow\runs\ch1-5-deepseekpro-2026-05-30
Initializing Phase 2 components...
  Phase 2 components initialized
Initializing Phase 4 components...
  Phase 4 components: physics enforcer, session persistence, scene card generator, export manager
  Worldbuilding service initialized (universe=star-wars-legends-eu)
Loaded 5 scene card(s)
Deployment mode: cloud
Pipeline phase: 5
Output directory: output\star-wars-legends-eu\the-unfinished-shadow\runs\ch1-5-deepseekpro-2026-05-30\chapters

============================================================
Chapter 1, Scene 1
============================================================
  [1/4] Plot Architect generating brief...
  [2/4] Prose Stylist drafting...
  [2.5/5] Line Writer editing...
  Saved: output\star-wars-legends-eu\the-unfinished-shadow\runs\ch1-5-deepseekpro-2026-05-30\chapters\chapter_01_scene_01.md
  [P2-1] Summarizer running...
  [P2-2] Summary stored in ChromaDB
  [P2-3] State diff applied
  [P2-4] Chapter/scene log updated
  [P2-5] Contradiction scanner: clean
  [WB] Extracted 16 provisional lore entries
  [WB] LoreConflictDetector: 5 flag(s) (0 high)

============================================================
Chapter 2, Scene 1
============================================================
  [1/4] Plot Architect generating brief...
  [2/4] Prose Stylist drafting...
  [2.5/5] Line Writer editing...
  Saved: output\star-wars-legends-eu\the-unfinished-shadow\runs\ch1-5-deepseekpro-2026-05-30\chapters\chapter_02_scene_01.md
  [P2-1] Summarizer running...
  [P2-2] Summary stored in ChromaDB
  [P2-3] State diff applied
  [P2-4] Chapter/scene log updated
  [P2-5] Contradiction scanner: 3 flag(s)
  [WB] Extracted 5 provisional lore entries
  [WB] LoreConflictDetector: 2 flag(s) (0 high)

============================================================
Chapter 3, Scene 1
============================================================
  [1/4] Plot Architect generating brief...
  [2/4] Prose Stylist drafting...
  [2.5/5] Line Writer editing...
  Saved: output\star-wars-legends-eu\the-unfinished-shadow\runs\ch1-5-deepseekpro-2026-05-30\chapters\chapter_03_scene_01.md
  [P2-1] Summarizer running...
  [P2-2] Summary stored in ChromaDB
  [P2-3] State diff applied
  [P2-4] Chapter/scene log updated
  [P2-5] Contradiction scanner: clean
  [WB] Extracted 7 provisional lore entries
  [WB] LoreConflictDetector: 2 flag(s) (0 high)

============================================================
Chapter 4, Scene 1
============================================================
  [1/4] Plot Architect generating brief...
  [2/4] Prose Stylist drafting...
  [2.5/5] Line Writer editing...
  Saved: output\star-wars-legends-eu\the-unfinished-shadow\runs\ch1-5-deepseekpro-2026-05-30\chapters\chapter_04_scene_01.md
  [P2-1] Summarizer running...
  [P2-2] Summary stored in ChromaDB
  [P2-3] State diff applied
  [P2-4] Chapter/scene log updated
  [P2-5] Contradiction scanner: clean
  [WB] Extracted 7 provisional lore entries
  [WB] LoreConflictDetector: 3 flag(s) (0 high)

============================================================
Chapter 5, Scene 1
============================================================
  [1/4] Plot Architect generating brief...
  [2/4] Prose Stylist drafting...
  [2.5/5] Line Writer editing...
  Saved: output\star-wars-legends-eu\the-unfinished-shadow\runs\ch1-5-deepseekpro-2026-05-30\chapters\chapter_05_scene_01.md
  [P2-1] Summarizer running...
  [P2-2] Summary stored in ChromaDB
  [P2-3] State diff applied
  [P2-4] Chapter/scene log updated
  [P2-5] Contradiction scanner: clean
  [WB] Extracted 11 provisional lore entries
  [WB] LoreConflictDetector: 2 flag(s) (0 high)

============================================================
Pipeline Complete
============================================================
Scenes saved: 5
Total word count: 12,042
  saved_clean:          5
  Chapter 1.1: 2,965 words, status=saved_clean
  Chapter 2.1: 2,583 words, status=saved_clean, flags=3
  Chapter 3.1: 1,978 words, status=saved_clean
  Chapter 4.1: 2,770 words, status=saved_clean
  Chapter 5.1: 1,746 words, status=saved_clean
